
> frontend@0.1.0 build
> next build

node.exe : ÔÜá Warning: Next.js 
inferred your workspace root, 
but it may not be correct.
At C:\Program 
Files\nodejs\npm.ps1:29 char:3
+   & $NODE_EXE $NPM_CLI_JS 
$args
+   
~~~~~~~~~~~~~~~~~~~~~~~~~~~~~
    + CategoryInfo          : 
No    tSpecified: (ÔÜá Warning: 
Ne    ...not be 
correct.:String) [    ], 
RemoteException
    + FullyQualifiedErrorId : 
Na    tiveCommandError
 
 We detected multiple lockfiles 
and selected the directory of 
D:\BNB V2\package-lock.json as 
the root directory.
 To silence this warning, set 
`turbopack.root` in your 
Next.js config, or consider 
removing one of the lockfiles 
if it's not needed.
   See https://nextjs.org/docs/a
pp/api-reference/config/next-con
fig-js/turbopack#root-directory 
for more information.
 Detected additional lockfiles: 
   * D:\BNB 
V2\frontend\package-lock.json

Ôû▓ Next.js 16.1.6 (Turbopack)
- Environments: .env.local

  Creating an optimized production build ...
Ô£ô Compiled successfully in 4.6s
  Running TypeScript ...
  Collecting page data using 7 workers ...
  Generating static pages using 7 workers (0/5) ...
  Generating static pages using 7 workers (1/5) 
  Generating static pages using 7 workers (2/5) 
  Generating static pages using 7 workers (3/5) 
Ô£ô Generating static pages using 7 workers (5/5) in 735.1ms
  Finalizing page optimization ...

Route (app)
Ôöî Ôùï /
Ôö£ Ôùï /_not-found
Ôö£ ãÆ /agent/[tokenId]
Ôö£ Ôùï /mint
Ôö£ ãÆ /task/[taskId]
Ôöö ãÆ /task/create/[tokenId]


Ôùï  (Static)   prerendered as static content
ãÆ  (Dynamic)  server-rendered on demand

